# Placeholder golden PKGBUILD for aur mode
echo "Update this file with the expected PKGBUILD output for aur mode." 