# Placeholder golden PKGBUILD for local mode
echo "Update this file with the expected PKGBUILD output for local mode." 